Fitter Finalize Stage Report for AlgoBlocsMeasurements
Thu Apr 14 15:50:22 2022
Quartus Prime Version 17.1.0 Build 240 10/25/2017 SJ Pro Edition


---------------------
; Table of Contents ;
---------------------
  1. Legal Notice
  2. Fitter HSLP Summary
  3. Finalize Messages



----------------
; Legal Notice ;
----------------
Copyright (C) 2017  Intel Corporation. All rights reserved.
Your use of Intel Corporation's design tools, logic functions 
and other software and tools, and its AMPP partner logic 
functions, and any output files from any of the foregoing 
(including device programming or simulation files), and any 
associated documentation or information are expressly subject 
to the terms and conditions of the Intel Program License 
Subscription Agreement, the Intel Quartus Prime License Agreement,
the Intel FPGA IP License Agreement, or other applicable license
agreement, including, without limitation, that your use is for
the sole purpose of programming logic devices manufactured by
Intel and sold by Intel or its authorized distributors.  Please
refer to the applicable agreement for further details.



+-------------------------------------------------------------------------------+
; Fitter HSLP Summary                                                           ;
+--------------------------------------------------------+---------------+------+
; Resource                                               ; Usage         ; %    ;
+--------------------------------------------------------+---------------+------+
;                                                        ;               ;      ;
; Programmable power technology high-speed tiles         ; 959 / 3,531   ; 27 % ;
; Programmable power technology low-power tiles          ; 2,572 / 3,531 ; 73 % ;
;     -- low-power tiles that are used by the design     ; 2,342 / 2,572 ; 91 % ;
;     -- unused tiles (low-power)                        ; 230 / 2,572   ; 9 %  ;
;                                                        ;               ;      ;
; Programmable power technology high-speed LAB tiles     ; 372 / 2,642   ; 14 % ;
; Programmable power technology low-power LAB tiles      ; 2,270 / 2,642 ; 86 % ;
;     -- low-power LAB tiles that are used by the design ; 2,197 / 2,270 ; 97 % ;
;     -- unused LAB tiles (low-power)                    ; 73 / 2,270    ; 3 %  ;
;                                                        ;               ;      ;
+--------------------------------------------------------+---------------+------+


+-------------------+
; Finalize Messages ;
+-------------------+
Info: *******************************************************************
Info: Running Quartus Prime Fitter
    Info: Version 17.1.0 Build 240 10/25/2017 SJ Pro Edition
    Info: Processing started: Thu Apr 14 15:41:51 2022
Info: Command: quartus_fit --read_settings_files=off --write_settings_files=off AlgoBlocsMeasurements -c AlgoBlocsMeasurements
Info: qfit2_default_script.tcl version: #1
Info: Project  = AlgoBlocsMeasurements
Info: Revision = AlgoBlocsMeasurements
Info (11888): Total time spent on timing analysis during Post-Routing is 2.02 seconds.


