Fitter Route Stage Report for AlgoBlocsMeasurements
Wed Apr 13 11:39:09 2022
Quartus Prime Version 17.1.0 Build 240 10/25/2017 SJ Pro Edition


---------------------
; Table of Contents ;
---------------------
  1. Legal Notice
  2. Delay Chain Summary
  3. Routing Usage Summary
  4. Route Messages
  5. Estimated Delay Added for Hold Timing Summary
  6. Estimated Delay Added for Hold Timing Details



----------------
; Legal Notice ;
----------------
Copyright (C) 2017  Intel Corporation. All rights reserved.
Your use of Intel Corporation's design tools, logic functions 
and other software and tools, and its AMPP partner logic 
functions, and any output files from any of the foregoing 
(including device programming or simulation files), and any 
associated documentation or information are expressly subject 
to the terms and conditions of the Intel Program License 
Subscription Agreement, the Intel Quartus Prime License Agreement,
the Intel FPGA IP License Agreement, or other applicable license
agreement, including, without limitation, that your use is for
the sole purpose of programming logic devices manufactured by
Intel and sold by Intel or its authorized distributors.  Please
refer to the applicable agreement for further details.



+---------------------------------------------------------------------------------------------------------------------------------------------------------------+
; Delay Chain Summary                                                                                                                                           ;
+--------------+----------+---------------------+--------------------+----------------+-----------------------------------+-------------------------------------+
; Name         ; Pin Type ; Input Delay Chain 0 ; Output Delay Chain ; OE Delay Chain ; IO_12_LANE Input Data Delay Chain ; IO_12_LANE Input Strobe Delay Chain ;
+--------------+----------+---------------------+--------------------+----------------+-----------------------------------+-------------------------------------+
; out_data[0]  ; Output   ; --                  ; 0                  ; 0              ; --                                ; --                                  ;
; out_data[1]  ; Output   ; --                  ; 0                  ; 0              ; --                                ; --                                  ;
; out_data[2]  ; Output   ; --                  ; 0                  ; 0              ; --                                ; --                                  ;
; out_data[3]  ; Output   ; --                  ; 0                  ; 0              ; --                                ; --                                  ;
; out_data[4]  ; Output   ; --                  ; 0                  ; 0              ; --                                ; --                                  ;
; out_data[5]  ; Output   ; --                  ; 0                  ; 0              ; --                                ; --                                  ;
; out_data[6]  ; Output   ; --                  ; 0                  ; 0              ; --                                ; --                                  ;
; out_data[7]  ; Output   ; --                  ; 0                  ; 0              ; --                                ; --                                  ;
; out_dv       ; Output   ; --                  ; 0                  ; 0              ; --                                ; --                                  ;
; out_fv       ; Output   ; --                  ; 0                  ; 0              ; --                                ; --                                  ;
; select_i[6]  ; Input    ; --                  ; --                 ; --             ; --                                ; --                                  ;
; select_i[7]  ; Input    ; --                  ; --                 ; --             ; --                                ; --                                  ;
; select_i[8]  ; Input    ; --                  ; --                 ; --             ; --                                ; --                                  ;
; select_i[9]  ; Input    ; --                  ; --                 ; --             ; --                                ; --                                  ;
; select_i[10] ; Input    ; --                  ; --                 ; --             ; --                                ; --                                  ;
; select_i[11] ; Input    ; --                  ; --                 ; --             ; --                                ; --                                  ;
; select_i[12] ; Input    ; --                  ; --                 ; --             ; --                                ; --                                  ;
; select_i[13] ; Input    ; --                  ; --                 ; --             ; --                                ; --                                  ;
; select_i[14] ; Input    ; --                  ; --                 ; --             ; --                                ; --                                  ;
; select_i[15] ; Input    ; --                  ; --                 ; --             ; --                                ; --                                  ;
; select_i[16] ; Input    ; --                  ; --                 ; --             ; --                                ; --                                  ;
; select_i[17] ; Input    ; --                  ; --                 ; --             ; --                                ; --                                  ;
; select_i[18] ; Input    ; --                  ; --                 ; --             ; --                                ; --                                  ;
; select_i[19] ; Input    ; --                  ; --                 ; --             ; --                                ; --                                  ;
; select_i[20] ; Input    ; --                  ; --                 ; --             ; --                                ; --                                  ;
; select_i[21] ; Input    ; --                  ; --                 ; --             ; --                                ; --                                  ;
; select_i[22] ; Input    ; --                  ; --                 ; --             ; --                                ; --                                  ;
; select_i[23] ; Input    ; --                  ; --                 ; --             ; --                                ; --                                  ;
; select_i[24] ; Input    ; --                  ; --                 ; --             ; --                                ; --                                  ;
; select_i[25] ; Input    ; --                  ; --                 ; --             ; --                                ; --                                  ;
; select_i[26] ; Input    ; --                  ; --                 ; --             ; --                                ; --                                  ;
; select_i[27] ; Input    ; --                  ; --                 ; --             ; --                                ; --                                  ;
; select_i[28] ; Input    ; --                  ; --                 ; --             ; --                                ; --                                  ;
; select_i[29] ; Input    ; --                  ; --                 ; --             ; --                                ; --                                  ;
; select_i[30] ; Input    ; --                  ; --                 ; --             ; --                                ; --                                  ;
; select_i[31] ; Input    ; --                  ; --                 ; --             ; --                                ; --                                  ;
; in_data[0]   ; Input    ; --                  ; --                 ; --             ; --                                ; --                                  ;
; in_data[8]   ; Input    ; --                  ; --                 ; --             ; --                                ; --                                  ;
; in_data[16]  ; Input    ; --                  ; --                 ; --             ; --                                ; --                                  ;
; select_i[5]  ; Input    ; 0                   ; --                 ; --             ; --                                ; --                                  ;
; select_i[3]  ; Input    ; 0                   ; --                 ; --             ; --                                ; --                                  ;
; select_i[4]  ; Input    ; 0                   ; --                 ; --             ; --                                ; --                                  ;
; select_i[0]  ; Input    ; 0                   ; --                 ; --             ; --                                ; --                                  ;
; select_i[1]  ; Input    ; 0                   ; --                 ; --             ; --                                ; --                                  ;
; select_i[2]  ; Input    ; 0                   ; --                 ; --             ; --                                ; --                                  ;
; clk          ; Input    ; 0                   ; --                 ; --             ; --                                ; --                                  ;
; reset_n      ; Input    ; 0                   ; --                 ; --             ; --                                ; --                                  ;
; enable       ; Input    ; 0                   ; --                 ; --             ; --                                ; --                                  ;
; in_fv        ; Input    ; 0                   ; --                 ; --             ; --                                ; --                                  ;
; in_dv        ; Input    ; 0                   ; --                 ; --             ; --                                ; --                                  ;
; in_data[17]  ; Input    ; 0                   ; --                 ; --             ; --                                ; --                                  ;
; in_data[18]  ; Input    ; 0                   ; --                 ; --             ; --                                ; --                                  ;
; in_data[19]  ; Input    ; 0                   ; --                 ; --             ; --                                ; --                                  ;
; in_data[22]  ; Input    ; 0                   ; --                 ; --             ; --                                ; --                                  ;
; in_data[20]  ; Input    ; 0                   ; --                 ; --             ; --                                ; --                                  ;
; in_data[21]  ; Input    ; 0                   ; --                 ; --             ; --                                ; --                                  ;
; in_data[23]  ; Input    ; 0                   ; --                 ; --             ; --                                ; --                                  ;
; in_data[9]   ; Input    ; 0                   ; --                 ; --             ; --                                ; --                                  ;
; in_data[10]  ; Input    ; 0                   ; --                 ; --             ; --                                ; --                                  ;
; in_data[11]  ; Input    ; 0                   ; --                 ; --             ; --                                ; --                                  ;
; in_data[12]  ; Input    ; 0                   ; --                 ; --             ; --                                ; --                                  ;
; in_data[13]  ; Input    ; 0                   ; --                 ; --             ; --                                ; --                                  ;
; in_data[14]  ; Input    ; 0                   ; --                 ; --             ; --                                ; --                                  ;
; in_data[15]  ; Input    ; 0                   ; --                 ; --             ; --                                ; --                                  ;
; in_data[1]   ; Input    ; 0                   ; --                 ; --             ; --                                ; --                                  ;
; in_data[2]   ; Input    ; 0                   ; --                 ; --             ; --                                ; --                                  ;
; in_data[3]   ; Input    ; 0                   ; --                 ; --             ; --                                ; --                                  ;
; in_data[4]   ; Input    ; 0                   ; --                 ; --             ; --                                ; --                                  ;
; in_data[5]   ; Input    ; 0                   ; --                 ; --             ; --                                ; --                                  ;
; in_data[6]   ; Input    ; 0                   ; --                 ; --             ; --                                ; --                                  ;
; in_data[7]   ; Input    ; 0                   ; --                 ; --             ; --                                ; --                                  ;
+--------------+----------+---------------------+--------------------+----------------+-----------------------------------+-------------------------------------+


+-----------------------------------------------------------+
; Routing Usage Summary                                     ;
+------------------------------+----------------------------+
; Routing Resource Type        ; Usage                      ;
+------------------------------+----------------------------+
; Block interconnects          ; 156,242 / 664,374 ( 24 % ) ;
; C27 interconnects            ; 3,743 / 12,769 ( 29 % )    ;
; C4 interconnects             ; 86,071 / 514,392 ( 17 % )  ;
; Direct links                 ; 48,400 / 664,374 ( 7 % )   ;
; Global clocks                ; 2 / 32 ( 6 % )             ;
; Periphery clocks             ; 0 / 410 ( 0 % )            ;
; R3 interconnects             ; 45,044 / 246,936 ( 18 % )  ;
; R32 interconnects            ; 6,791 / 28,257 ( 24 % )    ;
; R32/C27 interconnect drivers ; 5,167 / 74,920 ( 7 % )     ;
; R6 interconnects             ; 89,656 / 527,108 ( 17 % )  ;
; Regional clock lefts         ; 0 / 8 ( 0 % )              ;
; Regional clock out bottoms   ; 0 / 8 ( 0 % )              ;
; Regional clock out tops      ; 0 / 8 ( 0 % )              ;
; Regional clock rights        ; 0 / 8 ( 0 % )              ;
; Regional clocks              ; 0 / 8 ( 0 % )              ;
; Spine buffers                ; 10 / 220 ( 5 % )           ;
; Spine clocks                 ; 20 / 330 ( 6 % )           ;
; Spine feedthroughs           ; 0 / 224 ( 0 % )            ;
+------------------------------+----------------------------+


+----------------+
; Route Messages ;
+----------------+
Info: *******************************************************************
Info: Running Quartus Prime Fitter
    Info: Version 17.1.0 Build 240 10/25/2017 SJ Pro Edition
    Info: Processing started: Wed Apr 13 11:23:22 2022
Info: Command: quartus_fit --read_settings_files=off --write_settings_files=off AlgoBlocsMeasurements -c AlgoBlocsMeasurements
Info: qfit2_default_script.tcl version: #1
Info: Project  = AlgoBlocsMeasurements
Info: Revision = AlgoBlocsMeasurements
Info (170193): Fitter routing operations beginning
Info (170089): 8e+03 ns of routing delay (approximately 2.9% of available device routing delay) has been added to meet hold timing. For more information, refer to the Estimated Delay Added for Hold Timing section in the Fitter report.
Info (170195): Router estimated average interconnect usage is 21% of the available device resources
    Info (170196): Router estimated peak interconnect usage is 33% of the available device resources in the region that extends from location X57_Y46 to location X67_Y57
Info (170202): The Fitter performed an Auto Fit compilation.  No optimizations were skipped because the design's timing and routability requirements required full optimization.
Info (11888): Total time spent on timing analysis during Routing is 40.39 seconds.
Info (16607): Fitter routing operations ending: elapsed time is 00:04:28


+------------------------------------------------------------+
; Estimated Delay Added for Hold Timing Summary              ;
+-----------------+----------------------+-------------------+
; Source Clock(s) ; Destination Clock(s) ; Delay Added in ns ;
+-----------------+----------------------+-------------------+
; clk             ; clk                  ; 10023.4           ;
+-----------------+----------------------+-------------------+
Note: For more information on problematic transfers, consider running the Fitter again with the Optimize hold timing option (Settings Menu) turned off.
This will disable optimization of problematic paths and expose them for further analysis using the TimeQuest Timing Analyzer.


+------------------------------------------------------------------------------------------------------------------------------------------------------------------------------------------------------------------------------------------------------------------------------------------------------------------------------+
; Estimated Delay Added for Hold Timing Details                                                                                                                                                                                                                                                                                ;
+------------------------------------------------------------------------------------------------------------------------------------------+---------------------------------------------------------------------------------------------------------------------------------------------------------------+-------------------+
; Source Register                                                                                                                          ; Destination Register                                                                                                                                          ; Delay Added in ns ;
+------------------------------------------------------------------------------------------------------------------------------------------+---------------------------------------------------------------------------------------------------------------------------------------------------------------+-------------------+
; in_data[9]                                                                                                                               ; Conv_0|TensorExtractor_i|\neighExtractor_gen:1:neighExtractor_i|bufferized_data[0][0]                                                                         ; 4.796             ;
; in_data[20]                                                                                                                              ; Conv_0|TensorExtractor_i|\neighExtractor_gen:2:neighExtractor_i|bufferized_data[0][3]                                                                         ; 4.485             ;
; in_data[21]                                                                                                                              ; Conv_0|TensorExtractor_i|\neighExtractor_gen:2:neighExtractor_i|bufferized_data[0][4]                                                                         ; 4.464             ;
; in_data[11]                                                                                                                              ; Conv_0|TensorExtractor_i|\neighExtractor_gen:1:neighExtractor_i|bufferized_data[0][2]                                                                         ; 4.407             ;
; in_data[7]                                                                                                                               ; Conv_0|TensorExtractor_i|\neighExtractor_gen:0:neighExtractor_i|bufferized_data[0][6]                                                                         ; 4.386             ;
; in_data[13]                                                                                                                              ; Conv_0|TensorExtractor_i|\neighExtractor_gen:1:neighExtractor_i|bufferized_data[0][4]                                                                         ; 4.365             ;
; in_data[6]                                                                                                                               ; Conv_0|TensorExtractor_i|\neighExtractor_gen:0:neighExtractor_i|bufferized_data[0][5]                                                                         ; 4.362             ;
; in_data[15]                                                                                                                              ; Conv_0|TensorExtractor_i|\neighExtractor_gen:1:neighExtractor_i|bufferized_data[0][6]                                                                         ; 4.322             ;
; in_fv                                                                                                                                    ; Conv_0|TensorExtractor_i|\neighExtractor_gen:0:neighExtractor_i|out_dv                                                                                        ; 4.257             ;
; in_data[12]                                                                                                                              ; Conv_0|TensorExtractor_i|\neighExtractor_gen:1:neighExtractor_i|bufferized_data[0][3]                                                                         ; 4.254             ;
; in_data[14]                                                                                                                              ; Conv_0|TensorExtractor_i|\neighExtractor_gen:1:neighExtractor_i|bufferized_data[0][5]                                                                         ; 4.248             ;
; in_data[3]                                                                                                                               ; Conv_0|TensorExtractor_i|\neighExtractor_gen:0:neighExtractor_i|bufferized_data[0][2]                                                                         ; 4.182             ;
; in_data[19]                                                                                                                              ; Conv_0|TensorExtractor_i|\neighExtractor_gen:2:neighExtractor_i|bufferized_data[0][2]                                                                         ; 4.161             ;
; in_dv                                                                                                                                    ; Conv_0|TensorExtractor_i|\neighExtractor_gen:0:neighExtractor_i|\manage_pad:wo_pad|delayed_data[0][1]                                                         ; 4.129             ;
; in_data[23]                                                                                                                              ; Conv_0|TensorExtractor_i|\neighExtractor_gen:2:neighExtractor_i|bufferized_data[0][6]                                                                         ; 4.084             ;
; in_data[1]                                                                                                                               ; Conv_0|TensorExtractor_i|\neighExtractor_gen:0:neighExtractor_i|bufferized_data[0][0]                                                                         ; 4.040             ;
; in_data[10]                                                                                                                              ; Conv_0|TensorExtractor_i|\neighExtractor_gen:1:neighExtractor_i|bufferized_data[0][1]                                                                         ; 3.886             ;
; in_data[22]                                                                                                                              ; Conv_0|TensorExtractor_i|\neighExtractor_gen:2:neighExtractor_i|bufferized_data[0][5]                                                                         ; 3.858             ;
; in_data[5]                                                                                                                               ; Conv_0|TensorExtractor_i|\neighExtractor_gen:0:neighExtractor_i|bufferized_data[0][4]                                                                         ; 3.823             ;
; in_data[4]                                                                                                                               ; Conv_0|TensorExtractor_i|\neighExtractor_gen:0:neighExtractor_i|bufferized_data[0][3]                                                                         ; 3.817             ;
; in_data[17]                                                                                                                              ; Conv_0|TensorExtractor_i|\neighExtractor_gen:2:neighExtractor_i|bufferized_data[0][0]                                                                         ; 3.793             ;
; in_data[18]                                                                                                                              ; Conv_0|TensorExtractor_i|\neighExtractor_gen:2:neighExtractor_i|bufferized_data[0][1]                                                                         ; 3.773             ;
; in_data[2]                                                                                                                               ; Conv_0|TensorExtractor_i|\neighExtractor_gen:0:neighExtractor_i|bufferized_data[0][1]                                                                         ; 3.692             ;
; enable                                                                                                                                   ; Conv_0|TensorExtractor_i|\neighExtractor_gen:1:neighExtractor_i|bufferized_data[0][0]                                                                         ; 2.462             ;
; reset_n                                                                                                                                  ; Conv_0|TensorExtractor_i|\neighExtractor_gen:0:neighExtractor_i|y_stride[13]                                                                                  ; 1.739             ;
; Conv_0|TensorExtractor_i|\neighExtractor_gen:0:neighExtractor_i|\manage_pad:manage_edge:x_cmp[8]                                         ; Conv_0|TensorExtractor_i|\neighExtractor_gen:0:neighExtractor_i|\manage_pad:manage_edge:x_stride[1]                                                           ; 1.610             ;
; Conv_0|TensorExtractor_i|\neighExtractor_gen:0:neighExtractor_i|\manage_pad:manage_edge:x_cmp[9]                                         ; Conv_0|TensorExtractor_i|\neighExtractor_gen:0:neighExtractor_i|\manage_pad:manage_edge:x_stride[1]                                                           ; 1.582             ;
; Conv_0|TensorExtractor_i|\neighExtractor_gen:0:neighExtractor_i|\manage_pad:manage_edge:x_cmp[10]                                        ; Conv_0|TensorExtractor_i|\neighExtractor_gen:0:neighExtractor_i|\manage_pad:manage_edge:x_stride[1]                                                           ; 1.582             ;
; Conv_0|TensorExtractor_i|\neighExtractor_gen:0:neighExtractor_i|\manage_pad:manage_edge:x_cmp[11]                                        ; Conv_0|TensorExtractor_i|\neighExtractor_gen:0:neighExtractor_i|\manage_pad:manage_edge:x_stride[1]                                                           ; 1.582             ;
; Conv_0|TensorExtractor_i|\neighExtractor_gen:0:neighExtractor_i|\manage_pad:manage_edge:x_cmp[12]                                        ; Conv_0|TensorExtractor_i|\neighExtractor_gen:0:neighExtractor_i|\manage_pad:manage_edge:x_stride[1]                                                           ; 1.582             ;
; Conv_0|TensorExtractor_i|\neighExtractor_gen:0:neighExtractor_i|\manage_pad:manage_edge:x_cmp[13]                                        ; Conv_0|TensorExtractor_i|\neighExtractor_gen:0:neighExtractor_i|\manage_pad:manage_edge:x_stride[1]                                                           ; 1.582             ;
; Conv_0|TensorExtractor_i|\neighExtractor_gen:0:neighExtractor_i|\manage_pad:manage_edge:x_cmp[14]                                        ; Conv_0|TensorExtractor_i|\neighExtractor_gen:0:neighExtractor_i|\manage_pad:manage_edge:x_stride[1]                                                           ; 1.582             ;
; Conv_0|TensorExtractor_i|\neighExtractor_gen:0:neighExtractor_i|\manage_pad:manage_edge:x_cmp[1]                                         ; Conv_0|TensorExtractor_i|\neighExtractor_gen:0:neighExtractor_i|\manage_pad:manage_edge:x_stride[1]                                                           ; 1.582             ;
; Conv_0|TensorExtractor_i|\neighExtractor_gen:0:neighExtractor_i|\manage_pad:manage_edge:x_cmp[2]                                         ; Conv_0|TensorExtractor_i|\neighExtractor_gen:0:neighExtractor_i|\manage_pad:manage_edge:x_stride[1]                                                           ; 1.582             ;
; Conv_0|TensorExtractor_i|\neighExtractor_gen:0:neighExtractor_i|\manage_pad:manage_edge:x_cmp[3]                                         ; Conv_0|TensorExtractor_i|\neighExtractor_gen:0:neighExtractor_i|\manage_pad:manage_edge:x_stride[1]                                                           ; 1.582             ;
; Conv_0|TensorExtractor_i|\neighExtractor_gen:0:neighExtractor_i|\manage_pad:manage_edge:x_cmp[4]                                         ; Conv_0|TensorExtractor_i|\neighExtractor_gen:0:neighExtractor_i|\manage_pad:manage_edge:x_stride[1]                                                           ; 1.582             ;
; Conv_0|TensorExtractor_i|\neighExtractor_gen:0:neighExtractor_i|\manage_pad:manage_edge:x_cmp[6]                                         ; Conv_0|TensorExtractor_i|\neighExtractor_gen:0:neighExtractor_i|\manage_pad:manage_edge:x_stride[1]                                                           ; 1.582             ;
; Conv_0|TensorExtractor_i|\neighExtractor_gen:0:neighExtractor_i|\manage_pad:manage_edge:x_cmp[7]                                         ; Conv_0|TensorExtractor_i|\neighExtractor_gen:0:neighExtractor_i|\manage_pad:manage_edge:x_stride[1]                                                           ; 1.582             ;
; Conv_0|TensorExtractor_i|\neighExtractor_gen:0:neighExtractor_i|\manage_pad:manage_edge:x_cmp[5]                                         ; Conv_0|TensorExtractor_i|\neighExtractor_gen:0:neighExtractor_i|\manage_pad:manage_edge:x_stride[1]                                                           ; 1.582             ;
; Conv_0|TensorExtractor_i|\neighExtractor_gen:0:neighExtractor_i|\manage_pad:manage_edge:x_cmp[15]                                        ; Conv_0|TensorExtractor_i|\neighExtractor_gen:0:neighExtractor_i|\manage_pad:manage_edge:x_stride[1]                                                           ; 1.582             ;
; Conv_0|TensorExtractor_i|\neighExtractor_gen:0:neighExtractor_i|\manage_pad:manage_edge:x_cmp[0]                                         ; Conv_0|TensorExtractor_i|\neighExtractor_gen:0:neighExtractor_i|\manage_pad:manage_edge:x_stride[1]                                                           ; 1.582             ;
; Conv_0|\DotProduct_loop:2:pip_dsp_gen:pip_dsp_i|\delay_in_datas:23:taps_inst|delayed_data[0][0]                                          ; Conv_0|\DotProduct_loop:2:pip_dsp_gen:pip_dsp_i|\delay_in_datas:23:taps_inst|delayed_data_rtl_0|auto_generated|altera_syncram4|altsyncram7|ram_block8a6~reg0  ; 0.508             ;
; Conv_0|\DotProduct_loop:2:pip_dsp_gen:pip_dsp_i|\delay_in_datas:20:taps_inst|delayed_data[0][6]                                          ; Conv_0|\DotProduct_loop:2:pip_dsp_gen:pip_dsp_i|\delay_in_datas:20:taps_inst|delayed_data_rtl_0|auto_generated|altera_syncram4|altsyncram7|ram_block8a0~reg0  ; 0.485             ;
; Conv_0|\DotProduct_loop:2:pip_dsp_gen:pip_dsp_i|\delay_in_datas:23:taps_inst|delayed_data[0][3]                                          ; Conv_0|\DotProduct_loop:2:pip_dsp_gen:pip_dsp_i|\delay_in_datas:23:taps_inst|delayed_data_rtl_0|auto_generated|altera_syncram4|altsyncram7|ram_block8a3~reg0  ; 0.485             ;
; Conv_0|\DotProduct_loop:2:pip_dsp_gen:pip_dsp_i|\delay_in_datas:20:taps_inst|delayed_data[0][5]                                          ; Conv_0|\DotProduct_loop:2:pip_dsp_gen:pip_dsp_i|\delay_in_datas:20:taps_inst|delayed_data_rtl_0|auto_generated|altera_syncram4|altsyncram7|ram_block8a1~reg0  ; 0.478             ;
; Conv_0|\DotProduct_loop:2:pip_dsp_gen:pip_dsp_i|\delay_in_datas:21:taps_inst|delayed_data_rtl_0|auto_generated|dffe3a[4]                 ; Conv_0|\DotProduct_loop:2:pip_dsp_gen:pip_dsp_i|\delay_in_datas:21:taps_inst|delayed_data_rtl_0|auto_generated|altera_syncram4|altsyncram7|ram_block8a6~reg0  ; 0.477             ;
; Conv_0|\DotProduct_loop:29:pip_dsp_gen:pip_dsp_i|\delay_in_datas:26:taps_inst|delayed_data_rtl_0|auto_generated|dffe3a[4]                ; Conv_0|\DotProduct_loop:29:pip_dsp_gen:pip_dsp_i|\delay_in_datas:26:taps_inst|delayed_data_rtl_0|auto_generated|altera_syncram4|altsyncram7|ram_block8a1~reg0 ; 0.477             ;
; Conv_0|\DotProduct_loop:2:pip_dsp_gen:pip_dsp_i|\delay_in_datas:23:taps_inst|delayed_data_rtl_0|auto_generated|dffe3a[4]                 ; Conv_0|\DotProduct_loop:2:pip_dsp_gen:pip_dsp_i|\delay_in_datas:23:taps_inst|delayed_data_rtl_0|auto_generated|altera_syncram4|altsyncram7|ram_block8a6~reg0  ; 0.475             ;
; Conv_0|\DotProduct_loop:39:pip_dsp_gen:pip_dsp_i|\delay_in_datas:26:taps_inst|delayed_data_rtl_0|auto_generated|dffe3a[4]                ; Conv_0|\DotProduct_loop:39:pip_dsp_gen:pip_dsp_i|\delay_in_datas:26:taps_inst|delayed_data_rtl_0|auto_generated|altera_syncram4|altsyncram7|ram_block8a6~reg0 ; 0.471             ;
; Conv_0|\DotProduct_loop:2:pip_dsp_gen:pip_dsp_i|\delay_in_datas:20:taps_inst|delayed_data_rtl_0|auto_generated|dffe3a[4]                 ; Conv_0|\DotProduct_loop:2:pip_dsp_gen:pip_dsp_i|\delay_in_datas:20:taps_inst|delayed_data_rtl_0|auto_generated|altera_syncram4|altsyncram7|ram_block8a4~reg0  ; 0.469             ;
; Conv_0|\DotProduct_loop:9:pip_dsp_gen:pip_dsp_i|\delay_in_datas:23:taps_inst|delayed_data[0][1]                                          ; Conv_0|\DotProduct_loop:9:pip_dsp_gen:pip_dsp_i|\delay_in_datas:23:taps_inst|delayed_data_rtl_0|auto_generated|altera_syncram4|altsyncram7|ram_block8a5~reg0  ; 0.468             ;
; Conv_0|\DotProduct_loop:41:pip_dsp_gen:pip_dsp_i|\delay_in_datas:25:taps_inst|delayed_data_rtl_0|auto_generated|dffe3a[0]                ; Conv_0|\DotProduct_loop:41:pip_dsp_gen:pip_dsp_i|\delay_in_datas:25:taps_inst|delayed_data_rtl_0|auto_generated|altera_syncram4|altsyncram7|ram_block8a6~reg0 ; 0.468             ;
; Conv_0|\DotProduct_loop:28:pip_dsp_gen:pip_dsp_i|\delay_in_datas:26:taps_inst|delayed_data_rtl_0|auto_generated|dffe3a[2]                ; Conv_0|\DotProduct_loop:28:pip_dsp_gen:pip_dsp_i|\delay_in_datas:26:taps_inst|delayed_data_rtl_0|auto_generated|altera_syncram4|altsyncram7|ram_block8a6~reg0 ; 0.466             ;
; Conv_0|\DotProduct_loop:61:pip_dsp_gen:pip_dsp_i|\delay_in_datas:26:taps_inst|delayed_data_rtl_0|auto_generated|dffe3a[2]                ; Conv_0|\DotProduct_loop:61:pip_dsp_gen:pip_dsp_i|\delay_in_datas:26:taps_inst|delayed_data_rtl_0|auto_generated|altera_syncram4|altsyncram7|ram_block8a6~reg0 ; 0.464             ;
; Conv_0|\DotProduct_loop:40:pip_dsp_gen:pip_dsp_i|\delay_in_datas:19:taps_inst|delayed_data_rtl_0|auto_generated|dffe3a[0]                ; Conv_0|\DotProduct_loop:40:pip_dsp_gen:pip_dsp_i|\delay_in_datas:19:taps_inst|delayed_data_rtl_0|auto_generated|altera_syncram4|altsyncram7|ram_block8a6~reg0 ; 0.462             ;
; Conv_0|\DotProduct_loop:53:pip_dsp_gen:pip_dsp_i|\delay_in_datas:23:taps_inst|delayed_data_rtl_0|auto_generated|altera_counter1|count[3] ; Conv_0|\DotProduct_loop:53:pip_dsp_gen:pip_dsp_i|\delay_in_datas:23:taps_inst|delayed_data_rtl_0|auto_generated|altera_syncram4|altsyncram7|ram_block8a6~reg0 ; 0.460             ;
; Conv_0|\DotProduct_loop:59:pip_dsp_gen:pip_dsp_i|\delay_in_datas:24:taps_inst|delayed_data_rtl_0|auto_generated|dffe3a[4]                ; Conv_0|\DotProduct_loop:59:pip_dsp_gen:pip_dsp_i|\delay_in_datas:24:taps_inst|delayed_data_rtl_0|auto_generated|altera_syncram4|altsyncram7|ram_block8a6~reg0 ; 0.460             ;
; Conv_0|\DotProduct_loop:11:pip_dsp_gen:pip_dsp_i|\delay_in_datas:25:taps_inst|delayed_data_rtl_0|auto_generated|dffe3a[0]                ; Conv_0|\DotProduct_loop:11:pip_dsp_gen:pip_dsp_i|\delay_in_datas:25:taps_inst|delayed_data_rtl_0|auto_generated|altera_syncram4|altsyncram7|ram_block8a6~reg0 ; 0.460             ;
; Conv_0|\DotProduct_loop:17:pip_dsp_gen:pip_dsp_i|\delay_in_datas:24:taps_inst|delayed_data_rtl_0|auto_generated|altera_counter1|count[3] ; Conv_0|\DotProduct_loop:17:pip_dsp_gen:pip_dsp_i|\delay_in_datas:24:taps_inst|delayed_data_rtl_0|auto_generated|altera_syncram4|altsyncram7|ram_block8a6~reg0 ; 0.459             ;
; Conv_0|\DotProduct_loop:60:pip_dsp_gen:pip_dsp_i|\delay_in_datas:19:taps_inst|delayed_data_rtl_0|auto_generated|dffe3a[0]                ; Conv_0|\DotProduct_loop:60:pip_dsp_gen:pip_dsp_i|\delay_in_datas:19:taps_inst|delayed_data_rtl_0|auto_generated|altera_syncram4|altsyncram7|ram_block8a5~reg0 ; 0.459             ;
; Conv_0|\DotProduct_loop:46:pip_dsp_gen:pip_dsp_i|\delay_in_datas:23:taps_inst|delayed_data[0][1]                                         ; Conv_0|\DotProduct_loop:46:pip_dsp_gen:pip_dsp_i|\delay_in_datas:23:taps_inst|delayed_data_rtl_0|auto_generated|altera_syncram4|altsyncram7|ram_block8a5~reg0 ; 0.459             ;
; Conv_0|\DotProduct_loop:48:pip_dsp_gen:pip_dsp_i|\delay_in_datas:21:taps_inst|delayed_data_rtl_0|auto_generated|altera_counter1|count[3] ; Conv_0|\DotProduct_loop:48:pip_dsp_gen:pip_dsp_i|\delay_in_datas:21:taps_inst|delayed_data_rtl_0|auto_generated|altera_syncram4|altsyncram7|ram_block8a6~reg0 ; 0.458             ;
; Conv_0|\DotProduct_loop:3:pip_dsp_gen:pip_dsp_i|\delay_in_datas:24:taps_inst|delayed_data_rtl_0|auto_generated|altera_counter1|count[3]  ; Conv_0|\DotProduct_loop:3:pip_dsp_gen:pip_dsp_i|\delay_in_datas:24:taps_inst|delayed_data_rtl_0|auto_generated|altera_syncram4|altsyncram7|ram_block8a6~reg0  ; 0.458             ;
; Conv_0|\DotProduct_loop:24:pip_dsp_gen:pip_dsp_i|\delay_in_datas:22:taps_inst|delayed_data_rtl_0|auto_generated|dffe3a[0]                ; Conv_0|\DotProduct_loop:24:pip_dsp_gen:pip_dsp_i|\delay_in_datas:22:taps_inst|delayed_data_rtl_0|auto_generated|altera_syncram4|altsyncram7|ram_block8a6~reg0 ; 0.458             ;
; Conv_0|\DotProduct_loop:18:pip_dsp_gen:pip_dsp_i|\delay_in_datas:25:taps_inst|delayed_data_rtl_0|auto_generated|altera_counter1|count[3] ; Conv_0|\DotProduct_loop:18:pip_dsp_gen:pip_dsp_i|\delay_in_datas:25:taps_inst|delayed_data_rtl_0|auto_generated|altera_syncram4|altsyncram7|ram_block8a6~reg0 ; 0.458             ;
; Conv_0|\DotProduct_loop:40:pip_dsp_gen:pip_dsp_i|\delay_in_datas:19:taps_inst|delayed_data_rtl_0|auto_generated|altera_counter1|count[3] ; Conv_0|\DotProduct_loop:40:pip_dsp_gen:pip_dsp_i|\delay_in_datas:19:taps_inst|delayed_data_rtl_0|auto_generated|altera_syncram4|altsyncram7|ram_block8a6~reg0 ; 0.457             ;
; Conv_0|\DotProduct_loop:16:pip_dsp_gen:pip_dsp_i|\delay_in_datas:20:taps_inst|delayed_data_rtl_0|auto_generated|altera_counter1|count[3] ; Conv_0|\DotProduct_loop:16:pip_dsp_gen:pip_dsp_i|\delay_in_datas:20:taps_inst|delayed_data_rtl_0|auto_generated|altera_syncram4|altsyncram7|ram_block8a5~reg0 ; 0.457             ;
; Conv_0|\DotProduct_loop:24:pip_dsp_gen:pip_dsp_i|\delay_in_datas:21:taps_inst|delayed_data_rtl_0|auto_generated|altera_counter1|count[3] ; Conv_0|\DotProduct_loop:24:pip_dsp_gen:pip_dsp_i|\delay_in_datas:21:taps_inst|delayed_data_rtl_0|auto_generated|altera_syncram4|altsyncram7|ram_block8a6~reg0 ; 0.457             ;
; Conv_0|\DotProduct_loop:13:pip_dsp_gen:pip_dsp_i|\delay_in_datas:19:taps_inst|delayed_data_rtl_0|auto_generated|altera_counter1|count[3] ; Conv_0|\DotProduct_loop:13:pip_dsp_gen:pip_dsp_i|\delay_in_datas:19:taps_inst|delayed_data_rtl_0|auto_generated|altera_syncram4|altsyncram7|ram_block8a6~reg0 ; 0.457             ;
; Conv_0|\DotProduct_loop:14:pip_dsp_gen:pip_dsp_i|\delay_in_datas:21:taps_inst|delayed_data_rtl_0|auto_generated|altera_counter1|count[3] ; Conv_0|\DotProduct_loop:14:pip_dsp_gen:pip_dsp_i|\delay_in_datas:21:taps_inst|delayed_data_rtl_0|auto_generated|altera_syncram4|altsyncram7|ram_block8a6~reg0 ; 0.457             ;
; Conv_0|\DotProduct_loop:26:pip_dsp_gen:pip_dsp_i|\delay_in_datas:21:taps_inst|delayed_data_rtl_0|auto_generated|altera_counter1|count[3] ; Conv_0|\DotProduct_loop:26:pip_dsp_gen:pip_dsp_i|\delay_in_datas:21:taps_inst|delayed_data_rtl_0|auto_generated|altera_syncram4|altsyncram7|ram_block8a6~reg0 ; 0.457             ;
; Conv_0|\DotProduct_loop:32:pip_dsp_gen:pip_dsp_i|\delay_in_datas:23:taps_inst|delayed_data[0][1]                                         ; Conv_0|\DotProduct_loop:32:pip_dsp_gen:pip_dsp_i|\delay_in_datas:23:taps_inst|delayed_data_rtl_0|auto_generated|altera_syncram4|altsyncram7|ram_block8a5~reg0 ; 0.457             ;
; Conv_0|\DotProduct_loop:59:pip_dsp_gen:pip_dsp_i|\delay_in_datas:25:taps_inst|delayed_data_rtl_0|auto_generated|dffe3a[0]                ; Conv_0|\DotProduct_loop:59:pip_dsp_gen:pip_dsp_i|\delay_in_datas:25:taps_inst|delayed_data_rtl_0|auto_generated|altera_syncram4|altsyncram7|ram_block8a1~reg0 ; 0.457             ;
; Conv_0|\DotProduct_loop:45:pip_dsp_gen:pip_dsp_i|\delay_in_datas:18:taps_inst|delayed_data_rtl_0|auto_generated|altera_counter1|count[3] ; Conv_0|\DotProduct_loop:45:pip_dsp_gen:pip_dsp_i|\delay_in_datas:18:taps_inst|delayed_data_rtl_0|auto_generated|altera_syncram4|altsyncram7|ram_block8a6~reg0 ; 0.457             ;
; Conv_0|\DotProduct_loop:59:pip_dsp_gen:pip_dsp_i|\delay_in_datas:24:taps_inst|delayed_data_rtl_0|auto_generated|dffe3a[0]                ; Conv_0|\DotProduct_loop:59:pip_dsp_gen:pip_dsp_i|\delay_in_datas:24:taps_inst|delayed_data_rtl_0|auto_generated|altera_syncram4|altsyncram7|ram_block8a6~reg0 ; 0.456             ;
; Conv_0|\DotProduct_loop:10:pip_dsp_gen:pip_dsp_i|\delay_in_datas:23:taps_inst|delayed_data_rtl_0|auto_generated|altera_counter1|count[3] ; Conv_0|\DotProduct_loop:10:pip_dsp_gen:pip_dsp_i|\delay_in_datas:23:taps_inst|delayed_data_rtl_0|auto_generated|altera_syncram4|altsyncram7|ram_block8a1~reg0 ; 0.456             ;
; Conv_0|\DotProduct_loop:49:pip_dsp_gen:pip_dsp_i|\delay_in_datas:22:taps_inst|delayed_data_rtl_0|auto_generated|altera_counter1|count[3] ; Conv_0|\DotProduct_loop:49:pip_dsp_gen:pip_dsp_i|\delay_in_datas:22:taps_inst|delayed_data_rtl_0|auto_generated|altera_syncram4|altsyncram7|ram_block8a6~reg0 ; 0.456             ;
; Conv_0|\DotProduct_loop:39:pip_dsp_gen:pip_dsp_i|\delay_in_datas:23:taps_inst|delayed_data_rtl_0|auto_generated|altera_counter1|count[3] ; Conv_0|\DotProduct_loop:39:pip_dsp_gen:pip_dsp_i|\delay_in_datas:23:taps_inst|delayed_data_rtl_0|auto_generated|altera_syncram4|altsyncram7|ram_block8a6~reg0 ; 0.456             ;
; Conv_0|\DotProduct_loop:10:pip_dsp_gen:pip_dsp_i|\delay_in_datas:26:taps_inst|delayed_data_rtl_0|auto_generated|altera_counter1|count[3] ; Conv_0|\DotProduct_loop:10:pip_dsp_gen:pip_dsp_i|\delay_in_datas:26:taps_inst|delayed_data_rtl_0|auto_generated|altera_syncram4|altsyncram7|ram_block8a5~reg0 ; 0.456             ;
; Conv_0|\DotProduct_loop:42:pip_dsp_gen:pip_dsp_i|\delay_in_datas:20:taps_inst|delayed_data_rtl_0|auto_generated|dffe3a[0]                ; Conv_0|\DotProduct_loop:42:pip_dsp_gen:pip_dsp_i|\delay_in_datas:20:taps_inst|delayed_data_rtl_0|auto_generated|altera_syncram4|altsyncram7|ram_block8a6~reg0 ; 0.456             ;
; Conv_0|\DotProduct_loop:45:pip_dsp_gen:pip_dsp_i|\delay_in_datas:17:taps_inst|delayed_data_rtl_0|auto_generated|altera_counter1|count[3] ; Conv_0|\DotProduct_loop:45:pip_dsp_gen:pip_dsp_i|\delay_in_datas:17:taps_inst|delayed_data_rtl_0|auto_generated|altera_syncram4|altsyncram7|ram_block8a6~reg0 ; 0.456             ;
; Conv_0|\DotProduct_loop:26:pip_dsp_gen:pip_dsp_i|\delay_in_datas:19:taps_inst|delayed_data_rtl_0|auto_generated|altera_counter1|count[3] ; Conv_0|\DotProduct_loop:26:pip_dsp_gen:pip_dsp_i|\delay_in_datas:19:taps_inst|delayed_data_rtl_0|auto_generated|altera_syncram4|altsyncram7|ram_block8a6~reg0 ; 0.456             ;
; Conv_0|\DotProduct_loop:26:pip_dsp_gen:pip_dsp_i|\delay_in_datas:17:taps_inst|delayed_data_rtl_0|auto_generated|altera_counter1|count[3] ; Conv_0|\DotProduct_loop:26:pip_dsp_gen:pip_dsp_i|\delay_in_datas:17:taps_inst|delayed_data_rtl_0|auto_generated|altera_syncram4|altsyncram7|ram_block8a6~reg0 ; 0.456             ;
; Conv_0|\DotProduct_loop:38:pip_dsp_gen:pip_dsp_i|\delay_in_datas:20:taps_inst|delayed_data_rtl_0|auto_generated|altera_counter1|count[3] ; Conv_0|\DotProduct_loop:38:pip_dsp_gen:pip_dsp_i|\delay_in_datas:20:taps_inst|delayed_data_rtl_0|auto_generated|altera_syncram4|altsyncram7|ram_block8a6~reg0 ; 0.456             ;
; Conv_0|\DotProduct_loop:28:pip_dsp_gen:pip_dsp_i|\delay_in_datas:23:taps_inst|delayed_data_rtl_0|auto_generated|altera_counter1|count[3] ; Conv_0|\DotProduct_loop:28:pip_dsp_gen:pip_dsp_i|\delay_in_datas:23:taps_inst|delayed_data_rtl_0|auto_generated|altera_syncram4|altsyncram7|ram_block8a6~reg0 ; 0.456             ;
; Conv_0|\DotProduct_loop:38:pip_dsp_gen:pip_dsp_i|\delay_in_datas:22:taps_inst|delayed_data_rtl_0|auto_generated|altera_counter1|count[3] ; Conv_0|\DotProduct_loop:38:pip_dsp_gen:pip_dsp_i|\delay_in_datas:22:taps_inst|delayed_data_rtl_0|auto_generated|altera_syncram4|altsyncram7|ram_block8a6~reg0 ; 0.456             ;
; Conv_0|\DotProduct_loop:11:pip_dsp_gen:pip_dsp_i|\delay_in_datas:25:taps_inst|delayed_data_rtl_0|auto_generated|altera_counter1|count[3] ; Conv_0|\DotProduct_loop:11:pip_dsp_gen:pip_dsp_i|\delay_in_datas:25:taps_inst|delayed_data_rtl_0|auto_generated|altera_syncram4|altsyncram7|ram_block8a6~reg0 ; 0.456             ;
; Conv_0|\DotProduct_loop:51:pip_dsp_gen:pip_dsp_i|\delay_in_datas:26:taps_inst|delayed_data_rtl_0|auto_generated|altera_counter1|count[3] ; Conv_0|\DotProduct_loop:51:pip_dsp_gen:pip_dsp_i|\delay_in_datas:26:taps_inst|delayed_data_rtl_0|auto_generated|altera_syncram4|altsyncram7|ram_block8a6~reg0 ; 0.456             ;
; Conv_0|\DotProduct_loop:40:pip_dsp_gen:pip_dsp_i|\delay_in_datas:26:taps_inst|delayed_data_rtl_0|auto_generated|altera_counter1|count[3] ; Conv_0|\DotProduct_loop:40:pip_dsp_gen:pip_dsp_i|\delay_in_datas:26:taps_inst|delayed_data_rtl_0|auto_generated|altera_syncram4|altsyncram7|ram_block8a6~reg0 ; 0.456             ;
; Conv_0|\DotProduct_loop:48:pip_dsp_gen:pip_dsp_i|\delay_in_datas:20:taps_inst|delayed_data_rtl_0|auto_generated|dffe3a[0]                ; Conv_0|\DotProduct_loop:48:pip_dsp_gen:pip_dsp_i|\delay_in_datas:20:taps_inst|delayed_data_rtl_0|auto_generated|altera_syncram4|altsyncram7|ram_block8a6~reg0 ; 0.456             ;
; Conv_0|\DotProduct_loop:21:pip_dsp_gen:pip_dsp_i|\delay_in_datas:17:taps_inst|delayed_data_rtl_0|auto_generated|altera_counter1|count[3] ; Conv_0|\DotProduct_loop:21:pip_dsp_gen:pip_dsp_i|\delay_in_datas:17:taps_inst|delayed_data_rtl_0|auto_generated|altera_syncram4|altsyncram7|ram_block8a6~reg0 ; 0.455             ;
; Conv_0|\DotProduct_loop:40:pip_dsp_gen:pip_dsp_i|\delay_in_datas:16:taps_inst|delayed_data_rtl_0|auto_generated|altera_counter1|count[3] ; Conv_0|\DotProduct_loop:40:pip_dsp_gen:pip_dsp_i|\delay_in_datas:16:taps_inst|delayed_data_rtl_0|auto_generated|altera_syncram4|altsyncram7|ram_block8a6~reg0 ; 0.455             ;
; Conv_0|\DotProduct_loop:32:pip_dsp_gen:pip_dsp_i|\delay_in_datas:17:taps_inst|delayed_data_rtl_0|auto_generated|altera_counter1|count[3] ; Conv_0|\DotProduct_loop:32:pip_dsp_gen:pip_dsp_i|\delay_in_datas:17:taps_inst|delayed_data_rtl_0|auto_generated|altera_syncram4|altsyncram7|ram_block8a6~reg0 ; 0.455             ;
; Conv_0|\DotProduct_loop:43:pip_dsp_gen:pip_dsp_i|\delay_in_datas:24:taps_inst|delayed_data_rtl_0|auto_generated|altera_counter1|count[3] ; Conv_0|\DotProduct_loop:43:pip_dsp_gen:pip_dsp_i|\delay_in_datas:24:taps_inst|delayed_data_rtl_0|auto_generated|altera_syncram4|altsyncram7|ram_block8a6~reg0 ; 0.455             ;
; Conv_0|\DotProduct_loop:49:pip_dsp_gen:pip_dsp_i|\delay_in_datas:25:taps_inst|delayed_data_rtl_0|auto_generated|altera_counter1|count[3] ; Conv_0|\DotProduct_loop:49:pip_dsp_gen:pip_dsp_i|\delay_in_datas:25:taps_inst|delayed_data_rtl_0|auto_generated|altera_syncram4|altsyncram7|ram_block8a0~reg0 ; 0.455             ;
; Conv_0|\DotProduct_loop:28:pip_dsp_gen:pip_dsp_i|\delay_in_datas:19:taps_inst|delayed_data_rtl_0|auto_generated|altera_counter1|count[3] ; Conv_0|\DotProduct_loop:28:pip_dsp_gen:pip_dsp_i|\delay_in_datas:19:taps_inst|delayed_data_rtl_0|auto_generated|altera_syncram4|altsyncram7|ram_block8a6~reg0 ; 0.455             ;
; Conv_0|\DotProduct_loop:27:pip_dsp_gen:pip_dsp_i|\delay_in_datas:19:taps_inst|delayed_data_rtl_0|auto_generated|altera_counter1|count[3] ; Conv_0|\DotProduct_loop:27:pip_dsp_gen:pip_dsp_i|\delay_in_datas:19:taps_inst|delayed_data_rtl_0|auto_generated|altera_syncram4|altsyncram7|ram_block8a6~reg0 ; 0.455             ;
; Conv_0|\DotProduct_loop:6:pip_dsp_gen:pip_dsp_i|\delay_in_datas:20:taps_inst|delayed_data_rtl_0|auto_generated|altera_counter1|count[3]  ; Conv_0|\DotProduct_loop:6:pip_dsp_gen:pip_dsp_i|\delay_in_datas:20:taps_inst|delayed_data_rtl_0|auto_generated|altera_syncram4|altsyncram7|ram_block8a6~reg0  ; 0.455             ;
; Conv_0|\DotProduct_loop:40:pip_dsp_gen:pip_dsp_i|\delay_in_datas:24:taps_inst|delayed_data_rtl_0|auto_generated|altera_counter1|count[3] ; Conv_0|\DotProduct_loop:40:pip_dsp_gen:pip_dsp_i|\delay_in_datas:24:taps_inst|delayed_data_rtl_0|auto_generated|altera_syncram4|altsyncram7|ram_block8a6~reg0 ; 0.455             ;
; Conv_0|\DotProduct_loop:54:pip_dsp_gen:pip_dsp_i|\delay_in_datas:24:taps_inst|delayed_data_rtl_0|auto_generated|altera_counter1|count[3] ; Conv_0|\DotProduct_loop:54:pip_dsp_gen:pip_dsp_i|\delay_in_datas:24:taps_inst|delayed_data_rtl_0|auto_generated|altera_syncram4|altsyncram7|ram_block8a6~reg0 ; 0.455             ;
+------------------------------------------------------------------------------------------------------------------------------------------+---------------------------------------------------------------------------------------------------------------------------------------------------------------+-------------------+
Note: This table only shows the top 100 path(s) that have the largest delay added for hold.


