------------------------------------------------------------
TimeQuest Timing Analyzer Summary
------------------------------------------------------------

Type  : Slow 900mV 100C Model Setup 'clk'
Slack : -2.786
TNS   : -20.493

Type  : Slow 900mV 100C Model Hold 'clk'
Slack : 0.058
TNS   : 0.000

Type  : Slow 900mV 100C Model Recovery 'clk'
Slack : 5.267
TNS   : 0.000

Type  : Slow 900mV 100C Model Removal 'clk'
Slack : 0.269
TNS   : 0.000

Type  : Slow 900mV 100C Model Minimum Pulse Width 'clk'
Slack : 4.525
TNS   : 0.000

Type  : Slow 900mV 0C Model Setup 'clk'
Slack : -2.842
TNS   : -21.380

Type  : Slow 900mV 0C Model Hold 'clk'
Slack : 0.053
TNS   : 0.000

Type  : Slow 900mV 0C Model Recovery 'clk'
Slack : 5.470
TNS   : 0.000

Type  : Slow 900mV 0C Model Removal 'clk'
Slack : 0.270
TNS   : 0.000

Type  : Slow 900mV 0C Model Minimum Pulse Width 'clk'
Slack : 4.434
TNS   : 0.000

Type  : Fast 900mV 100C Model Setup 'clk'
Slack : 1.948
TNS   : 0.000

Type  : Fast 900mV 100C Model Hold 'clk'
Slack : 0.019
TNS   : 0.000

Type  : Fast 900mV 100C Model Recovery 'clk'
Slack : 6.649
TNS   : 0.000

Type  : Fast 900mV 100C Model Removal 'clk'
Slack : 0.122
TNS   : 0.000

Type  : Fast 900mV 100C Model Minimum Pulse Width 'clk'
Slack : 4.626
TNS   : 0.000

Type  : Fast 900mV 0C Model Setup 'clk'
Slack : 2.779
TNS   : 0.000

Type  : Fast 900mV 0C Model Hold 'clk'
Slack : 0.019
TNS   : 0.000

Type  : Fast 900mV 0C Model Recovery 'clk'
Slack : 7.209
TNS   : 0.000

Type  : Fast 900mV 0C Model Removal 'clk'
Slack : 0.099
TNS   : 0.000

Type  : Fast 900mV 0C Model Minimum Pulse Width 'clk'
Slack : 4.636
TNS   : 0.000

------------------------------------------------------------
